src/app/api/chat/route.ts(35,23): error TS2551: Property 'toDataStreamResponse' does not exist on type 'StreamTextResult<ToolSet, Output<string, string, never>>'. Did you mean 'toTextStreamResponse'?
src/app/chat/page.tsx(9,25): error TS2307: Cannot find module 'ai/react' or its corresponding type declarations.
src/lib/prisma.ts(1,10): error TS2305: Module '"@prisma/client"' has no exported member 'PrismaClient'.
